// Jest Snapshot v1, https://goo.gl/fbAQLP

exports[`Tests for Card Renders correctly 1`] = `
<Fragment>
  <Connect(CustomTextField)
    className="center"
    field={
      Object {
        "defaultValue": "Homer Simpson",
        "label": "What's your full legal name?",
        "name": "name",
        "type": "text",
      }
    }
    key="name"
    onChange={[Function]}
  />
  <Connect(CustomTextField)
    className="center"
    field={
      Object {
        "defaultValue": "homer@example.com",
        "helperText": "We will use this to contact you about your application.",
        "label": "What's your email address?",
        "name": "email",
        "type": "text",
      }
    }
    key="email"
    onChange={[Function]}
  />
  <Connect(CustomTextField)
    className="center"
    field={
      Object {
        "defaultValue": 175,
        "helperText": "This should be between 150 and 200cm",
        "label": "How tall are you?",
        "name": "height",
        "type": "number",
      }
    }
    key="height"
    onChange={[Function]}
  />
  <Connect(CustomTextField)
    className="center"
    field={
      Object {
        "defaultValue": "male",
        "helperText": "Should be 'male\\", 'female' or 'other'",
        "label": "What Gender you identify as?",
        "name": "gender",
        "type": "text",
      }
    }
    key="gender"
    onChange={[Function]}
  />
</Fragment>
`;
