// Jest Snapshot v1, https://goo.gl/fbAQLP

exports[`Tests for CustomTextField  Renders correctly 1`] = `
<Fragment>
  <WithStyles(ForwardRef(TextField))
    className="text-field"
    fullWidth={true}
    label="name"
    onChange={[Function]}
    placeholder="Anu"
    style={
      Object {
        "margin": 8,
      }
    }
    type="text"
    variant="filled"
  />
</Fragment>
`;
